Microsoft Windows [Version 10.0.18362.418]
(c) 2019 Microsoft Corporation. All rights reserved.

C:\Users\willi\Desktop\107\Session 2-Node>npm init
This utility will walk you through creating a package.json file.
It only covers the most common items, and tries to guess sensible defaults.

See `npm help json` for definitive documentation on these fields
and exactly what they do.

Use `npm install <pkg>` afterwards to install a package and
save it as a dependency in the package.json file.

Press ^C at any time to quit.
package name: (session-2-node) 107session2
version: (1.0.0)
description: FSDI 107 Session 2 Node
entry point: (index.js) server.js
test command:
git repository:
keywords:
author: William I Reed IV
license: (ISC)
About to write to C:\Users\willi\Desktop\107\Session 2-Node\package.json:

{
  "name": "107session2",
  "version": "1.0.0",
  "description": "FSDI 107 Session 2 Node",
  "main": "server.js",
  "scripts": {
    "test": "echo \"Error: no test specified\" && exit 1"
  },
  "author": "William I Reed IV",
  "license": "ISC"
}


Is this OK? (yes) yes

C:\Users\willi\Desktop\107\Session 2-Node>npm install express --save
npm notice created a lockfile as package-lock.json. You should commit this file.
npm WARN 107session2@1.0.0 No repository field.

+ express@4.17.1
added 50 packages from 37 contributors and audited 126 packages in 8.075s
found 0 vulnerabilities


C:\Users\willi\Desktop\107\Session 2-Node>node server.js
Server running at http://localhost:8080
^C
C:\Users\willi\Desktop\107\Session 2-Node>node server.js
Server running at http://localhost:8080
^C
C:\Users\willi\Desktop\107\Session 2-Node>node server.js
<h1 style='color:darkblue'>Server running at http://localhost:8080</h1>
^C
C:\Users\willi\Desktop\107\Session 2-Node>node server.js
<Server running at http://localhost:8080
^C
C:\Users\willi\Desktop\107\Session 2-Node>npm install nodemon
Terminate batch job (Y/N)? y


C:\Users\willi\Desktop\107\Session 2-Node>npm node install nodemon --save

Usage: npm <command>

where <command> is one of:
    access, adduser, audit, bin, bugs, c, cache, ci, cit,
    clean-install, clean-install-test, completion, config,
    create, ddp, dedupe, deprecate, dist-tag, docs, doctor,
    edit, explore, get, help, help-search, hook, i, init,
    install, install-ci-test, install-test, it, link, list, ln,
    login, logout, ls, org, outdated, owner, pack, ping, prefix,
    profile, prune, publish, rb, rebuild, repo, restart, root,
    run, run-script, s, se, search, set, shrinkwrap, star,
    stars, start, stop, t, team, test, token, tst, un,
    uninstall, unpublish, unstar, up, update, v, version, view,
    whoami

npm <command> -h  quick help on <command>
npm -l            display full usage info
npm help <term>   search for help on <term>
npm help npm      involved overview

Specify configs in the ini-formatted file:
    C:\Users\willi\.npmrc
or on the command line via: npm <command> --key value
Config info can be viewed via: npm help config

npm@6.11.3 C:\Program Files\nodejs\node_modules\npm


C:\Users\willi\Desktop\107\Session 2-Node>npm install nodemon --global
C:\Users\willi\AppData\Roaming\npm\nodemon -> C:\Users\willi\AppData\Roaming\npm\node_modules\nodemon\bin\nodemon.js

> nodemon@1.19.4 postinstall C:\Users\willi\AppData\Roaming\npm\node_modules\nodemon
> node bin/postinstall || exit 0

Love nodemon? You can now support the project via the open collective:
 > https://opencollective.com/nodemon/donate

npm WARN optional SKIPPING OPTIONAL DEPENDENCY: fsevents@1.2.9 (node_modules\nodemon\node_modules\fsevents):
npm WARN notsup SKIPPING OPTIONAL DEPENDENCY: Unsupported platform for fsevents@1.2.9: wanted {"os":"darwin","arch":"any"} (current: {"os":"win32","arch":"x64"})

+ nodemon@1.19.4
added 221 packages from 128 contributors in 22.773s

C:\Users\willi\Desktop\107\Session 2-Node>nodemon server.js
[nodemon] 1.19.4
[nodemon] to restart at any time, enter `rs`
[nodemon] watching dir(s): *.*
[nodemon] watching extensions: js,mjs,json
[nodemon] starting `node server.js`
<Server running at http://localhost:8080
[nodemon] restarting due to changes...
[nodemon] starting `node server.js`
<Server running at http://localhost:8080
[nodemon] restarting due to changes...
[nodemon] starting `node server.js`
<Server running at http://localhost:8080
[nodemon] restarting due to changes...
[nodemon] starting `node server.js`
<Server running at http://localhost:8080
[nodemon] restarting due to changes...
[nodemon] starting `node server.js`
<Server running at http://localhost:8080
[nodemon] restarting due to changes...
[nodemon] starting `node server.js`
<Server running at http://localhost:8080
[nodemon] restarting due to changes...
[nodemon] starting `node server.js`
<Server running at http://localhost:8080
[nodemon] restarting due to changes...
[nodemon] starting `node server.js`
<Server running at http://localhost:8080
[nodemon] restarting due to changes...
[nodemon] starting `node server.js`
<Server running at http://localhost:8080
[nodemon] restarting due to changes...
[nodemon] starting `node server.js`
<Server running at http://localhost:8080
[nodemon] restarting due to changes...
[nodemon] starting `node server.js`
<Server running at http://localhost:8080
[nodemon] restarting due to changes...
[nodemon] starting `node server.js`
<Server running at http://localhost:8080
[nodemon] restarting due to changes...
[nodemon] starting `node server.js`
<Server running at http://localhost:8080
[nodemon] restarting due to changes...
[nodemon] restarting due to changes...
[nodemon] starting `node server.js`
<Server running at http://localhost:8080
[nodemon] restarting due to changes...
[nodemon] starting `node server.js`
<Server running at http://localhost:8080
[nodemon] restarting due to changes...
[nodemon] starting `node server.js`
<Server running at http://localhost:8080
[nodemon] restarting due to changes...
[nodemon] starting `node server.js`
C:\Users\willi\Desktop\107\Session 2-Node\server.js:16
app.get("/about", function (req, res))
                                     ^

SyntaxError: Unexpected token ')'
    at Module._compile (internal/modules/cjs/loader.js:892:18)
    at Object.Module._extensions..js (internal/modules/cjs/loader.js:973:10)
    at Module.load (internal/modules/cjs/loader.js:812:32)
    at Function.Module._load (internal/modules/cjs/loader.js:724:14)
    at Function.Module.runMain (internal/modules/cjs/loader.js:1025:10)
    at internal/main/run_main_module.js:17:11
[nodemon] app crashed - waiting for file changes before starting...
[nodemon] restarting due to changes...
[nodemon] starting `node server.js`
<Server running at http://localhost:8080
[nodemon] restarting due to changes...
[nodemon] starting `node server.js`
<Server running at http://localhost:8080
[nodemon] restarting due to changes...
[nodemon] starting `node server.js`
<Server running at http://localhost:8080
[nodemon] restarting due to changes...
[nodemon] starting `node server.js`
<Server running at http://localhost:8080
[nodemon] restarting due to changes...
[nodemon] starting `node server.js`
<Server running at http://localhost:8080
[nodemon] restarting due to changes...
[nodemon] starting `node server.js`
<Server running at http://localhost:8080
[nodemon] restarting due to changes...
[nodemon] starting `node server.js`
<Server running at http://localhost:8080
^CTerminate batch job (Y/N)? y

C:\Users\willi\Desktop\107\Session 2-Node>nodemon server.js
[nodemon] 1.19.4
[nodemon] to restart at any time, enter `rs`
[nodemon] watching dir(s): *.*
[nodemon] watching extensions: js,mjs,json
[nodemon] starting `node server.js`
<Server running at http://localhost:8080
[nodemon] restarting due to changes...
[nodemon] starting `node server.js`
<Server running at http://localhost:8080
[nodemon] restarting due to changes...
[nodemon] starting `node server.js`
<Server running at http://localhost:8080
[nodemon] restarting due to changes...
[nodemon] starting `node server.js`
<Server running at http://localhost:8080
[nodemon] restarting due to changes...
[nodemon] starting `node server.js`
<Server running at http://localhost:8080
[nodemon] restarting due to changes...
[nodemon] starting `node server.js`
<Server running at http://localhost:8080
[nodemon] restarting due to changes...
[nodemon] starting `node server.js`
C:\Users\willi\Desktop\107\Session 2-Node\server.js:36
app.get('/api/products', function (req,res))
                                           ^

SyntaxError: Unexpected token ')'
    at Module._compile (internal/modules/cjs/loader.js:892:18)
    at Object.Module._extensions..js (internal/modules/cjs/loader.js:973:10)
    at Module.load (internal/modules/cjs/loader.js:812:32)
    at Function.Module._load (internal/modules/cjs/loader.js:724:14)
    at Function.Module.runMain (internal/modules/cjs/loader.js:1025:10)
    at internal/main/run_main_module.js:17:11
[nodemon] app crashed - waiting for file changes before starting...
[nodemon] restarting due to changes...
[nodemon] starting `node server.js`
<Server running at http://localhost:8080
[nodemon] restarting due to changes...
[nodemon] starting `node server.js`
<Server running at http://localhost:8080
[nodemon] restarting due to changes...
[nodemon] starting `node server.js`
<Server running at http://localhost:8080
[nodemon] restarting due to changes...
[nodemon] starting `node server.js`
<Server running at http://localhost:8080
[nodemon] restarting due to changes...
[nodemon] starting `node server.js`
<Server running at http://localhost:8080
[nodemon] restarting due to changes...
[nodemon] starting `node server.js`
<Server running at http://localhost:8080
[nodemon] restarting due to changes...
[nodemon] starting `node server.js`
<Server running at http://localhost:8080
[nodemon] restarting due to changes...
[nodemon] starting `node server.js`
<Server running at http://localhost:8080
[nodemon] restarting due to changes...
[nodemon] starting `node server.js`
<Server running at http://localhost:8080
[nodemon] restarting due to changes...
[nodemon] starting `node server.js`
<Server running at http://localhost:8080
[nodemon] restarting due to changes...
[nodemon] starting `node server.js`
<Server running at http://localhost:8080
[nodemon] restarting due to changes...
[nodemon] starting `node server.js`
<Server running at http://localhost:8080
[nodemon] restarting due to changes...
[nodemon] starting `node server.js`
<Server running at http://localhost:8080
[nodemon] restarting due to changes...
[nodemon] starting `node server.js`
<Server running at http://localhost:8080
[nodemon] restarting due to changes...
[nodemon] starting `node server.js`
C:\Users\willi\Desktop\107\Session 2-Node\server.js:42
app.post('/api/products', function (req,res))
                                            ^

SyntaxError: Unexpected token ')'
    at Module._compile (internal/modules/cjs/loader.js:892:18)
    at Object.Module._extensions..js (internal/modules/cjs/loader.js:973:10)
    at Module.load (internal/modules/cjs/loader.js:812:32)
    at Function.Module._load (internal/modules/cjs/loader.js:724:14)
    at Function.Module.runMain (internal/modules/cjs/loader.js:1025:10)
    at internal/main/run_main_module.js:17:11
[nodemon] app crashed - waiting for file changes before starting...
[nodemon] restarting due to changes...
[nodemon] starting `node server.js`
<Server running at http://localhost:8080
[nodemon] restarting due to changes...
[nodemon] starting `node server.js`
<Server running at http://localhost:8080
[nodemon] restarting due to changes...
[nodemon] starting `node server.js`
<Server running at http://localhost:8080
[nodemon] restarting due to changes...
[nodemon] starting `node server.js`
<Server running at http://localhost:8080
[nodemon] restarting due to changes...
[nodemon] starting `node server.js`
<Server running at http://localhost:8080
[nodemon] restarting due to changes...
[nodemon] starting `node server.js`
<Server running at http://localhost:8080
[nodemon] restarting due to changes...
[nodemon] starting `node server.js`
<Server running at http://localhost:8080
^CTerminate batch job (Y/N)? Y

C:\Users\willi\Desktop\107\Session 2-Node>npm install ejs --save
npm WARN 107session2@1.0.0 No repository field.

+ ejs@2.7.1
added 1 package from 2 contributors and audited 127 packages in 0.911s
found 0 vulnerabilities


C:\Users\willi\Desktop\107\Session 2-Node>node server.js
<Server running at http://localhost:8080
^C
C:\Users\willi\Desktop\107\Session 2-Node>npm install body-parser --save
npm WARN 107session2@1.0.0 No repository field.

+ body-parser@1.19.0
updated 1 package and audited 159 packages in 1.007s
found 0 vulnerabilities


C:\Users\willi\Desktop\107\Session 2-Node>node server.js
<Server running at http://localhost:8080
^C
C:\Users\willi\Desktop\107\Session 2-Node>node admin.js
C:\Users\willi\Desktop\107\Session 2-Node\admin.js:181
window.onload = init;
^

ReferenceError: window is not defined
    at Object.<anonymous> (C:\Users\willi\Desktop\107\Session 2-Node\admin.js:181:1)
[90m    at Module._compile (internal/modules/cjs/loader.js:956:30)[39m
[90m    at Object.Module._extensions..js (internal/modules/cjs/loader.js:973:10)[39m
[90m    at Module.load (internal/modules/cjs/loader.js:812:32)[39m
[90m    at Function.Module._load (internal/modules/cjs/loader.js:724:14)[39m
[90m    at Function.Module.runMain (internal/modules/cjs/loader.js:1025:10)[39m
[90m    at internal/main/run_main_module.js:17:11[39m

C:\Users\willi\Desktop\107\Session 2-Node>

C:\Users\willi\Desktop\107\Session 2-Node>node server.js
<Server running at http://localhost:8080
^C
C:\Users\willi\Desktop\107\Session 2-Node>